// Jest Snapshot v1, https://goo.gl/fbAQLP

exports[`should render a dog and its stats to the page 1`] = `
Object {
  "asFragment": [Function],
  "baseElement": <body>
    <div>
      <header>
        <a
          aria-current="page"
          class="active"
          href="/"
        >
          home 
        </a>
        <a
          href="/admin"
        >
           admin
        </a>
      </header>
      <h1>
        gertie
      </h1>
      <div>
        <img
          src="https://3.bp.blogspot.com/_vB43sFWYD_E/TU9kGWQZv6I/AAAAAAAADtk/otXtGuOyRx4/s1600/Boston_Terrier_IMG_3283blog.jpg"
        />
        <p>
          the best girl in the whole world 
        </p>
        <p>
          boston terrier
        </p>
      </div>
      <a
        href="/dogs/2/edit"
      >
        <button>
          edit
        </button>
      </a>
      <button>
        delete
      </button>
    </div>
  </body>,
  "container": <div>
    <header>
      <a
        aria-current="page"
        class="active"
        href="/"
      >
        home 
      </a>
      <a
        href="/admin"
      >
         admin
      </a>
    </header>
    <h1>
      gertie
    </h1>
    <div>
      <img
        src="https://3.bp.blogspot.com/_vB43sFWYD_E/TU9kGWQZv6I/AAAAAAAADtk/otXtGuOyRx4/s1600/Boston_Terrier_IMG_3283blog.jpg"
      />
      <p>
        the best girl in the whole world 
      </p>
      <p>
        boston terrier
      </p>
    </div>
    <a
      href="/dogs/2/edit"
    >
      <button>
        edit
      </button>
    </a>
    <button>
      delete
    </button>
  </div>,
  "debug": [Function],
  "findAllByAltText": [Function],
  "findAllByDisplayValue": [Function],
  "findAllByLabelText": [Function],
  "findAllByPlaceholderText": [Function],
  "findAllByRole": [Function],
  "findAllByTestId": [Function],
  "findAllByText": [Function],
  "findAllByTitle": [Function],
  "findByAltText": [Function],
  "findByDisplayValue": [Function],
  "findByLabelText": [Function],
  "findByPlaceholderText": [Function],
  "findByRole": [Function],
  "findByTestId": [Function],
  "findByText": [Function],
  "findByTitle": [Function],
  "getAllByAltText": [Function],
  "getAllByDisplayValue": [Function],
  "getAllByLabelText": [Function],
  "getAllByPlaceholderText": [Function],
  "getAllByRole": [Function],
  "getAllByTestId": [Function],
  "getAllByText": [Function],
  "getAllByTitle": [Function],
  "getByAltText": [Function],
  "getByDisplayValue": [Function],
  "getByLabelText": [Function],
  "getByPlaceholderText": [Function],
  "getByRole": [Function],
  "getByTestId": [Function],
  "getByText": [Function],
  "getByTitle": [Function],
  "queryAllByAltText": [Function],
  "queryAllByDisplayValue": [Function],
  "queryAllByLabelText": [Function],
  "queryAllByPlaceholderText": [Function],
  "queryAllByRole": [Function],
  "queryAllByTestId": [Function],
  "queryAllByText": [Function],
  "queryAllByTitle": [Function],
  "queryByAltText": [Function],
  "queryByDisplayValue": [Function],
  "queryByLabelText": [Function],
  "queryByPlaceholderText": [Function],
  "queryByRole": [Function],
  "queryByTestId": [Function],
  "queryByText": [Function],
  "queryByTitle": [Function],
  "rerender": [Function],
  "unmount": [Function],
}
`;
